"java -jar /Users/davidestes/.gradle/caches/modules-2/files-2.1/org.jruby/jruby-complete/1.7.18/a1be3e1790aace5c99614a87785454d875eb21c2/jruby-complete-1.7.18.jar" -rubygems file:/Users/davidestes/.gradle/caches/modules-2/files-2.1/org.jruby/jruby-complete/1.7.18/a1be3e1790aace5c99614a87785454d875eb21c2/jruby-complete-1.7.18.jar!/META-INF/jruby.home/lib/ruby/gems/shared/gems/rake-10.1.0/bin/rake RUBYARCHDIR=/Users/davidestes/projects/bertram/plugins/jruby-container/.jruby-container/test/gems/gems/scrypt-1.2.1/lib RUBYLIBDIR=/Users/davidestes/projects/bertram/plugins/jruby-container/.jruby-container/test/gems/gems/scrypt-1.2.1/lib
/bin/sh: java -jar /Users/davidestes/.gradle/caches/modules-2/files-2.1/org.jruby/jruby-complete/1.7.18/a1be3e1790aace5c99614a87785454d875eb21c2/jruby-complete-1.7.18.jar: No such file or directory
